tanoshi.utils.tables.TableViewTest.viewComplex[DEFAULT]=[
┌───────────────────┐
│ complex table     │
├────┬────────┬─────┤
│ id │ name   │ age │
├────┼────────┼─────┤
│ 1  │ phi    │ 33  │
│ 2  │ zeta   │ 20  │
│ 3  │ gamma  │ 93  │
│ 4  │ beta   │ 49  │
│ 5  │ kappa  │ 37  │
│ 6  │ rho    │ 38  │
│ 7  │ omega  │ 86  │
│ 8  │ sigma  │ 64  │
│ 9  │ lambda │ 12  │
│ 10 │ beta   │ 27  │
├────┼────────┼─────┤
│ 1  │ phi    │ 33  │
│ 2  │ zeta   │ 20  │
│ 3  │ gamma  │ 93  │
│ 4  │ beta   │ 49  │
│ 5  │ kappa  │ 37  │
├────┼────────┼─────┤
│ 1  │ phi    │ 33  │
│ 2  │ zeta   │ 20  │
│ 3  │ gamma  │ 93  │
│ 4  │ beta   │ 49  │
│ 5  │ kappa  │ 37  │
│ 6  │ rho    │ 38  │
│ 7  │ omega  │ 86  │
└────┴────────┴─────┘
]


tanoshi.utils.tables.TableViewTest.viewComplex[LARGE]=[
┌───────────────────┐
│ complex table     │
├────┬────────┬─────┤
│ id │ name   │ age │
╞════╪════════╪═════╡
│ 1  │ phi    │ 33  │
├────┼────────┼─────┤
│ 2  │ zeta   │ 20  │
├────┼────────┼─────┤
│ 3  │ gamma  │ 93  │
├────┼────────┼─────┤
│ 4  │ beta   │ 49  │
├────┼────────┼─────┤
│ 5  │ kappa  │ 37  │
├────┼────────┼─────┤
│ 6  │ rho    │ 38  │
├────┼────────┼─────┤
│ 7  │ omega  │ 86  │
├────┼────────┼─────┤
│ 8  │ sigma  │ 64  │
├────┼────────┼─────┤
│ 9  │ lambda │ 12  │
├────┼────────┼─────┤
│ 10 │ beta   │ 27  │
╞════╪════════╪═════╡
│ 1  │ phi    │ 33  │
├────┼────────┼─────┤
│ 2  │ zeta   │ 20  │
├────┼────────┼─────┤
│ 3  │ gamma  │ 93  │
├────┼────────┼─────┤
│ 4  │ beta   │ 49  │
├────┼────────┼─────┤
│ 5  │ kappa  │ 37  │
╞════╪════════╪═════╡
│ 1  │ phi    │ 33  │
├────┼────────┼─────┤
│ 2  │ zeta   │ 20  │
├────┼────────┼─────┤
│ 3  │ gamma  │ 93  │
├────┼────────┼─────┤
│ 4  │ beta   │ 49  │
├────┼────────┼─────┤
│ 5  │ kappa  │ 37  │
├────┼────────┼─────┤
│ 6  │ rho    │ 38  │
├────┼────────┼─────┤
│ 7  │ omega  │ 86  │
└────┴────────┴─────┘
]


tanoshi.utils.tables.TableViewTest.viewComplex[MINIMAL]=[
complex table
id │ name   │ age
───┼────────┼────
1  │ phi    │ 33 
2  │ zeta   │ 20 
3  │ gamma  │ 93 
4  │ beta   │ 49 
5  │ kappa  │ 37 
6  │ rho    │ 38 
7  │ omega  │ 86 
8  │ sigma  │ 64 
9  │ lambda │ 12 
10 │ beta   │ 27 
───┼────────┼────
1  │ phi    │ 33 
2  │ zeta   │ 20 
3  │ gamma  │ 93 
4  │ beta   │ 49 
5  │ kappa  │ 37 
───┼────────┼────
1  │ phi    │ 33 
2  │ zeta   │ 20 
3  │ gamma  │ 93 
4  │ beta   │ 49 
5  │ kappa  │ 37 
6  │ rho    │ 38 
7  │ omega  │ 86 
]


tanoshi.utils.tables.TableViewTest.viewSimple[DEFAULT]=[
┌────┬────────┬─────┐
│ id │ name   │ age │
├────┼────────┼─────┤
│ 1  │ phi    │ 33  │
│ 2  │ zeta   │ 20  │
│ 3  │ gamma  │ 93  │
│ 4  │ beta   │ 49  │
│ 5  │ kappa  │ 37  │
│ 6  │ rho    │ 38  │
│ 7  │ omega  │ 86  │
│ 8  │ sigma  │ 64  │
│ 9  │ lambda │ 12  │
│ 10 │ beta   │ 27  │
└────┴────────┴─────┘
]


tanoshi.utils.tables.TableViewTest.viewSimple[LARGE]=[
┌────┬────────┬─────┐
│ id │ name   │ age │
╞════╪════════╪═════╡
│ 1  │ phi    │ 33  │
├────┼────────┼─────┤
│ 2  │ zeta   │ 20  │
├────┼────────┼─────┤
│ 3  │ gamma  │ 93  │
├────┼────────┼─────┤
│ 4  │ beta   │ 49  │
├────┼────────┼─────┤
│ 5  │ kappa  │ 37  │
├────┼────────┼─────┤
│ 6  │ rho    │ 38  │
├────┼────────┼─────┤
│ 7  │ omega  │ 86  │
├────┼────────┼─────┤
│ 8  │ sigma  │ 64  │
├────┼────────┼─────┤
│ 9  │ lambda │ 12  │
├────┼────────┼─────┤
│ 10 │ beta   │ 27  │
└────┴────────┴─────┘
]


tanoshi.utils.tables.TableViewTest.viewSimple[MINIMAL]=[
id │ name   │ age
───┼────────┼────
1  │ phi    │ 33 
2  │ zeta   │ 20 
3  │ gamma  │ 93 
4  │ beta   │ 49 
5  │ kappa  │ 37 
6  │ rho    │ 38 
7  │ omega  │ 86 
8  │ sigma  │ 64 
9  │ lambda │ 12 
10 │ beta   │ 27 
]


tanoshi.utils.tables.TableViewTest.viewTitleComplex[DEFAULT]=[
┌───────────────────┐
│ complex table     │
├────┬────────┬─────┤
│ id │ name   │ age │
├────┴────────┴─────┤
│ table 1           │
├────┬────────┬─────┤
│ 1  │ phi    │ 33  │
│ 2  │ zeta   │ 20  │
│ 3  │ gamma  │ 93  │
│ 4  │ beta   │ 49  │
│ 5  │ kappa  │ 37  │
│ 6  │ rho    │ 38  │
│ 7  │ omega  │ 86  │
│ 8  │ sigma  │ 64  │
│ 9  │ lambda │ 12  │
│ 10 │ beta   │ 27  │
├────┴────────┴─────┤
│ table 2           │
├────┬────────┬─────┤
│ 1  │ phi    │ 33  │
│ 2  │ zeta   │ 20  │
│ 3  │ gamma  │ 93  │
│ 4  │ beta   │ 49  │
│ 5  │ kappa  │ 37  │
├────┴────────┴─────┤
│ table 3           │
├────┬────────┬─────┤
│ 1  │ phi    │ 33  │
│ 2  │ zeta   │ 20  │
│ 3  │ gamma  │ 93  │
│ 4  │ beta   │ 49  │
│ 5  │ kappa  │ 37  │
│ 6  │ rho    │ 38  │
│ 7  │ omega  │ 86  │
└────┴────────┴─────┘
]


tanoshi.utils.tables.TableViewTest.viewTitleComplex[LARGE]=[
┌───────────────────┐
│ complex table     │
├────┬────────┬─────┤
│ id │ name   │ age │
╞════╧════════╧═════╡
│ table 1           │
├────┬────────┬─────┤
│ 1  │ phi    │ 33  │
├────┼────────┼─────┤
│ 2  │ zeta   │ 20  │
├────┼────────┼─────┤
│ 3  │ gamma  │ 93  │
├────┼────────┼─────┤
│ 4  │ beta   │ 49  │
├────┼────────┼─────┤
│ 5  │ kappa  │ 37  │
├────┼────────┼─────┤
│ 6  │ rho    │ 38  │
├────┼────────┼─────┤
│ 7  │ omega  │ 86  │
├────┼────────┼─────┤
│ 8  │ sigma  │ 64  │
├────┼────────┼─────┤
│ 9  │ lambda │ 12  │
├────┼────────┼─────┤
│ 10 │ beta   │ 27  │
╞════╧════════╧═════╡
│ table 2           │
├────┬────────┬─────┤
│ 1  │ phi    │ 33  │
├────┼────────┼─────┤
│ 2  │ zeta   │ 20  │
├────┼────────┼─────┤
│ 3  │ gamma  │ 93  │
├────┼────────┼─────┤
│ 4  │ beta   │ 49  │
├────┼────────┼─────┤
│ 5  │ kappa  │ 37  │
╞════╧════════╧═════╡
│ table 3           │
├────┬────────┬─────┤
│ 1  │ phi    │ 33  │
├────┼────────┼─────┤
│ 2  │ zeta   │ 20  │
├────┼────────┼─────┤
│ 3  │ gamma  │ 93  │
├────┼────────┼─────┤
│ 4  │ beta   │ 49  │
├────┼────────┼─────┤
│ 5  │ kappa  │ 37  │
├────┼────────┼─────┤
│ 6  │ rho    │ 38  │
├────┼────────┼─────┤
│ 7  │ omega  │ 86  │
└────┴────────┴─────┘
]


tanoshi.utils.tables.TableViewTest.viewTitleComplex[MINIMAL]=[
complex table
id │ name   │ age
───┴────────┴────
table 1
1  │ phi    │ 33 
2  │ zeta   │ 20 
3  │ gamma  │ 93 
4  │ beta   │ 49 
5  │ kappa  │ 37 
6  │ rho    │ 38 
7  │ omega  │ 86 
8  │ sigma  │ 64 
9  │ lambda │ 12 
10 │ beta   │ 27 
───┴────────┴────
table 2
1  │ phi    │ 33 
2  │ zeta   │ 20 
3  │ gamma  │ 93 
4  │ beta   │ 49 
5  │ kappa  │ 37 
───┴────────┴────
table 3
1  │ phi    │ 33 
2  │ zeta   │ 20 
3  │ gamma  │ 93 
4  │ beta   │ 49 
5  │ kappa  │ 37 
6  │ rho    │ 38 
7  │ omega  │ 86 
]


tanoshi.utils.tables.TableViewTest.viewTitleSimple[DEFAULT]=[
┌───────────────────┐
│ title             │
├────┬────────┬─────┤
│ id │ name   │ age │
├────┼────────┼─────┤
│ 1  │ phi    │ 33  │
│ 2  │ zeta   │ 20  │
│ 3  │ gamma  │ 93  │
│ 4  │ beta   │ 49  │
│ 5  │ kappa  │ 37  │
│ 6  │ rho    │ 38  │
│ 7  │ omega  │ 86  │
│ 8  │ sigma  │ 64  │
│ 9  │ lambda │ 12  │
│ 10 │ beta   │ 27  │
└────┴────────┴─────┘
]


tanoshi.utils.tables.TableViewTest.viewTitleSimple[LARGE]=[
┌───────────────────┐
│ title             │
├────┬────────┬─────┤
│ id │ name   │ age │
╞════╪════════╪═════╡
│ 1  │ phi    │ 33  │
├────┼────────┼─────┤
│ 2  │ zeta   │ 20  │
├────┼────────┼─────┤
│ 3  │ gamma  │ 93  │
├────┼────────┼─────┤
│ 4  │ beta   │ 49  │
├────┼────────┼─────┤
│ 5  │ kappa  │ 37  │
├────┼────────┼─────┤
│ 6  │ rho    │ 38  │
├────┼────────┼─────┤
│ 7  │ omega  │ 86  │
├────┼────────┼─────┤
│ 8  │ sigma  │ 64  │
├────┼────────┼─────┤
│ 9  │ lambda │ 12  │
├────┼────────┼─────┤
│ 10 │ beta   │ 27  │
└────┴────────┴─────┘
]


tanoshi.utils.tables.TableViewTest.viewTitleSimple[MINIMAL]=[
title
id │ name   │ age
───┼────────┼────
1  │ phi    │ 33 
2  │ zeta   │ 20 
3  │ gamma  │ 93 
4  │ beta   │ 49 
5  │ kappa  │ 37 
6  │ rho    │ 38 
7  │ omega  │ 86 
8  │ sigma  │ 64 
9  │ lambda │ 12 
10 │ beta   │ 27 
]