tanoshi.bench4j.testclasses.executors.PersonTestNameListExecutorTest.getJoinedNamesStream=[
phi, zeta, gamma, beta, kappa, rho, omega, sigma, lambda, beta, omikron, ypsilon, tau, rho, xi, tau, psi, lambda, kappa, kappa, chi, epsilon, lambda, iota, iota, zeta, gamma, rho, gamma, alpha, omikron, sigma, alpha, omega, delta, lambda, sigma, alpha, kappa, sigma, omikron, epsilon, mü, omikron, mü, lambda, zeta, phi, nü, rho, phi, rho, rho, lambda, beta, omega, beta, iota, omikron, phi, sigma, phi, eta, theta, pi, sigma, sigma, psi, theta, xi, chi, omega, chi, theta, zeta, mü, tau, beta, eta, zeta, phi, eta, epsilon, beta, tau, epsilon, kappa, xi, chi, mü, eta, lambda, kappa, epsilon, alpha, ypsilon, sigma, delta, epsilon, phi
]


tanoshi.bench4j.testclasses.executors.PersonTestNameListExecutorTest.getJoinedNamesStreamToListToStringJoin=[
phi, zeta, gamma, beta, kappa, rho, omega, sigma, lambda, beta, omikron, ypsilon, tau, rho, xi, tau, psi, lambda, kappa, kappa, chi, epsilon, lambda, iota, iota, zeta, gamma, rho, gamma, alpha, omikron, sigma, alpha, omega, delta, lambda, sigma, alpha, kappa, sigma, omikron, epsilon, mü, omikron, mü, lambda, zeta, phi, nü, rho, phi, rho, rho, lambda, beta, omega, beta, iota, omikron, phi, sigma, phi, eta, theta, pi, sigma, sigma, psi, theta, xi, chi, omega, chi, theta, zeta, mü, tau, beta, eta, zeta, phi, eta, epsilon, beta, tau, epsilon, kappa, xi, chi, mü, eta, lambda, kappa, epsilon, alpha, ypsilon, sigma, delta, epsilon, phi
]


tanoshi.bench4j.testclasses.executors.PersonTestNameListExecutorTest.getJoinedNamesStringBuilder=[
phi, zeta, gamma, beta, kappa, rho, omega, sigma, lambda, beta, omikron, ypsilon, tau, rho, xi, tau, psi, lambda, kappa, kappa, chi, epsilon, lambda, iota, iota, zeta, gamma, rho, gamma, alpha, omikron, sigma, alpha, omega, delta, lambda, sigma, alpha, kappa, sigma, omikron, epsilon, mü, omikron, mü, lambda, zeta, phi, nü, rho, phi, rho, rho, lambda, beta, omega, beta, iota, omikron, phi, sigma, phi, eta, theta, pi, sigma, sigma, psi, theta, xi, chi, omega, chi, theta, zeta, mü, tau, beta, eta, zeta, phi, eta, epsilon, beta, tau, epsilon, kappa, xi, chi, mü, eta, lambda, kappa, epsilon, alpha, ypsilon, sigma, delta, epsilon, phi
]


tanoshi.bench4j.testclasses.executors.PersonTestNameListExecutorTest.getJoinedNamesStringJoin=[
phi, zeta, gamma, beta, kappa, rho, omega, sigma, lambda, beta, omikron, ypsilon, tau, rho, xi, tau, psi, lambda, kappa, kappa, chi, epsilon, lambda, iota, iota, zeta, gamma, rho, gamma, alpha, omikron, sigma, alpha, omega, delta, lambda, sigma, alpha, kappa, sigma, omikron, epsilon, mü, omikron, mü, lambda, zeta, phi, nü, rho, phi, rho, rho, lambda, beta, omega, beta, iota, omikron, phi, sigma, phi, eta, theta, pi, sigma, sigma, psi, theta, xi, chi, omega, chi, theta, zeta, mü, tau, beta, eta, zeta, phi, eta, epsilon, beta, tau, epsilon, kappa, xi, chi, mü, eta, lambda, kappa, epsilon, alpha, ypsilon, sigma, delta, epsilon, phi
]


tanoshi.bench4j.testclasses.executors.PersonTestNameListExecutorTest.getJoinedNamesStringJoinOptimized=[
phi, zeta, gamma, beta, kappa, rho, omega, sigma, lambda, beta, omikron, ypsilon, tau, rho, xi, tau, psi, lambda, kappa, kappa, chi, epsilon, lambda, iota, iota, zeta, gamma, rho, gamma, alpha, omikron, sigma, alpha, omega, delta, lambda, sigma, alpha, kappa, sigma, omikron, epsilon, mü, omikron, mü, lambda, zeta, phi, nü, rho, phi, rho, rho, lambda, beta, omega, beta, iota, omikron, phi, sigma, phi, eta, theta, pi, sigma, sigma, psi, theta, xi, chi, omega, chi, theta, zeta, mü, tau, beta, eta, zeta, phi, eta, epsilon, beta, tau, epsilon, kappa, xi, chi, mü, eta, lambda, kappa, epsilon, alpha, ypsilon, sigma, delta, epsilon, phi
]


tanoshi.bench4j.testclasses.executors.PersonTestNameListExecutorTest.getJoinedNamesStringJoiner=[
phi, zeta, gamma, beta, kappa, rho, omega, sigma, lambda, beta, omikron, ypsilon, tau, rho, xi, tau, psi, lambda, kappa, kappa, chi, epsilon, lambda, iota, iota, zeta, gamma, rho, gamma, alpha, omikron, sigma, alpha, omega, delta, lambda, sigma, alpha, kappa, sigma, omikron, epsilon, mü, omikron, mü, lambda, zeta, phi, nü, rho, phi, rho, rho, lambda, beta, omega, beta, iota, omikron, phi, sigma, phi, eta, theta, pi, sigma, sigma, psi, theta, xi, chi, omega, chi, theta, zeta, mü, tau, beta, eta, zeta, phi, eta, epsilon, beta, tau, epsilon, kappa, xi, chi, mü, eta, lambda, kappa, epsilon, alpha, ypsilon, sigma, delta, epsilon, phi
]